Component: ARM Compiler 5.06 update 5 (build 528) Tool: armlink [4d35e2]

==============================================================================

Section Cross References

    system_stm32f4xx.o(.text) refers to system_stm32f4xx.o(.data) for SystemCoreClock
    startup_stm32f40_41xxx.o(RESET) refers to startup_stm32f40_41xxx.o(STACK) for __initial_sp
    startup_stm32f40_41xxx.o(RESET) refers to startup_stm32f40_41xxx.o(.text) for Reset_Handler
    startup_stm32f40_41xxx.o(RESET) refers to stm32f4xx_it.o(.text) for NMI_Handler
    startup_stm32f40_41xxx.o(RESET) refers to os_cpu_a.o(.text) for OS_CPU_PendSVHandler
    startup_stm32f40_41xxx.o(RESET) refers to os_cpu_c.o(.text) for OS_CPU_SysTickHandler
    startup_stm32f40_41xxx.o(RESET) refers to bsp_can.o(.text) for CAN1_RX0_IRQHandler
    startup_stm32f40_41xxx.o(RESET) refers to rsi_hal_mcu_interrupt.o(.text) for EXTI9_5_IRQHandler
    startup_stm32f40_41xxx.o(RESET) refers to bsp_pwm.o(.text) for TIM1_TRG_COM_TIM11_IRQHandler
    startup_stm32f40_41xxx.o(RESET) refers to bsp_encoder.o(.text) for TIM3_IRQHandler
    startup_stm32f40_41xxx.o(RESET) refers to bsp_uart.o(.text) for USART1_IRQHandler
    startup_stm32f40_41xxx.o(RESET) refers to bsp_sdio_sd.o(.text) for SDIO_IRQHandler
    startup_stm32f40_41xxx.o(RESET) refers to bsp_timer.o(.text) for TIM5_IRQHandler
    startup_stm32f40_41xxx.o(.text) refers to system_stm32f4xx.o(.text) for SystemInit
    startup_stm32f40_41xxx.o(.text) refers to entry.o(.ARM.Collect$$$$00000000) for __main
    stm32f4xx_adc.o(.text) refers to stm32f4xx_rcc.o(.text) for RCC_APB2PeriphResetCmd
    stm32f4xx_can.o(.text) refers to stm32f4xx_rcc.o(.text) for RCC_APB1PeriphResetCmd
    stm32f4xx_cryp.o(.text) refers to stm32f4xx_rcc.o(.text) for RCC_AHB2PeriphResetCmd
    stm32f4xx_cryp_aes.o(.text) refers to stm32f4xx_cryp.o(.text) for CRYP_KeyStructInit
    stm32f4xx_cryp_des.o(.text) refers to stm32f4xx_cryp.o(.text) for CRYP_KeyStructInit
    stm32f4xx_cryp_tdes.o(.text) refers to stm32f4xx_cryp.o(.text) for CRYP_KeyStructInit
    stm32f4xx_dac.o(.text) refers to stm32f4xx_rcc.o(.text) for RCC_APB1PeriphResetCmd
    stm32f4xx_dma2d.o(.text) refers to stm32f4xx_rcc.o(.text) for RCC_AHB1PeriphResetCmd
    stm32f4xx_fsmc.o(.text) refers to stm32f4xx_fsmc.o(.constdata) for FSMC_DefaultTimingStruct
    stm32f4xx_gpio.o(.text) refers to stm32f4xx_rcc.o(.text) for RCC_AHB1PeriphResetCmd
    stm32f4xx_hash.o(.text) refers to stm32f4xx_rcc.o(.text) for RCC_AHB2PeriphResetCmd
    stm32f4xx_hash_md5.o(.text) refers to stm32f4xx_hash.o(.text) for HASH_DeInit
    stm32f4xx_hash_sha1.o(.text) refers to stm32f4xx_hash.o(.text) for HASH_DeInit
    stm32f4xx_i2c.o(.text) refers to stm32f4xx_rcc.o(.text) for RCC_APB1PeriphResetCmd
    stm32f4xx_ltdc.o(.text) refers to stm32f4xx_rcc.o(.text) for RCC_APB2PeriphResetCmd
    stm32f4xx_pwr.o(.text) refers to stm32f4xx_rcc.o(.text) for RCC_APB1PeriphResetCmd
    stm32f4xx_rcc.o(.text) refers to stm32f4xx_rcc.o(.data) for APBAHBPrescTable
    stm32f4xx_rng.o(.text) refers to stm32f4xx_rcc.o(.text) for RCC_AHB2PeriphResetCmd
    stm32f4xx_sai.o(.text) refers to stm32f4xx_rcc.o(.text) for RCC_APB2PeriphResetCmd
    stm32f4xx_sdio.o(.text) refers to stm32f4xx_rcc.o(.text) for RCC_APB2PeriphResetCmd
    stm32f4xx_spi.o(.text) refers to stm32f4xx_rcc.o(.text) for RCC_APB2PeriphResetCmd
    stm32f4xx_syscfg.o(.text) refers to stm32f4xx_rcc.o(.text) for RCC_APB2PeriphResetCmd
    stm32f4xx_tim.o(.text) refers to stm32f4xx_rcc.o(.text) for RCC_APB2PeriphResetCmd
    stm32f4xx_usart.o(.text) refers to stm32f4xx_rcc.o(.text) for RCC_APB2PeriphResetCmd
    stm32f4xx_wwdg.o(.text) refers to stm32f4xx_rcc.o(.text) for RCC_APB1PeriphResetCmd
    cpu_core.o(.text) refers to bsp.o(.text) for CPU_TS_TmrRd
    cpu_core.o(.text) refers to cpu_a.o(.text) for CPU_SR_Save
    cpu_core.o(.text) refers to lib_mem.o(.text) for Mem_Clr
    cpu_core.o(.text) refers to lib_str.o(.text) for Str_Copy_N
    cpu_core.o(.text) refers to cpu_core.o(.data) for CPU_IntDisNestCtr
    cpu_core.o(.text) refers to cpu_core.o(.bss) for CPU_Name
    cpu_core.o(.text) refers to cpu_core.o(.constdata) for CPU_CntLeadZerosTbl
    cpu_c.o(.text) refers to cpu_a.o(.text) for CPU_SR_Save
    cpu_c.o(.text) refers to cpu_core.o(.text) for CPU_IntDisMeasStart
    lib_math.o(.text) refers to cpu_a.o(.text) for CPU_SR_Save
    lib_math.o(.text) refers to cpu_core.o(.text) for CPU_IntDisMeasStart
    lib_math.o(.text) refers to lib_math.o(.data) for Math_RandSeedCur
    lib_mem.o(.text) refers to lib_mem_a.o(.text) for Mem_Copy
    lib_str.o(.text) refers to lib_ascii.o(.text) for ASCII_ToLower
    lib_str.o(.text) refers to lib_str.o(.constdata) for Str_MultOvfThTbl_Int32U
    os_core.o(.text) refers to os_cpu_a.o(.text) for OS_CPU_SR_Save
    os_core.o(.text) refers to os_core.o(.data) for OSIntNesting
    os_core.o(.text) refers to os_core.o(.constdata) for OSUnMapTbl
    os_core.o(.text) refers to os_core.o(.bss) for OSTCBPrioTbl
[...]
    calculate_length_to_send                 0x0801dae7   Thumb Code    68  rsi_socket.o(.text)
    calculate_buffers_required               0x0801db2b   Thumb Code    86  rsi_socket.o(.text)
    sendto_async                             0x0801db81   Thumb Code   852  rsi_socket.o(.text)
    sendto                                   0x0801ded5   Thumb Code    48  rsi_socket.o(.text)
    send_async                               0x0801df05   Thumb Code   202  rsi_socket.o(.text)
    send                                     0x0801dfcf   Thumb Code    40  rsi_socket.o(.text)
    setsockopt                               0x0801dff7   Thumb Code   186  rsi_socket.o(.text)
    select                                   0x0801e0b1   Thumb Code    12  rsi_socket.o(.text)
    shutdown                                 0x0801e0bd   Thumb Code   306  rsi_socket.o(.text)
    rsi_check_state                          0x0801e1ef   Thumb Code    62  rsi_socket.o(.text)
    rsi_get_application_socket_descriptor    0x0801e22d   Thumb Code    50  rsi_socket.o(.text)
    rsi_get_primary_socket_id                0x0801e25f   Thumb Code    82  rsi_socket.o(.text)
    rsi_clear_sockets                        0x0801e2b1   Thumb Code   404  rsi_socket.o(.text)
    rsi_critical_section_entry               0x0801e44d   Thumb Code    16  rsi_os_wrapper.o(.text)
    rsi_critical_section_exit                0x0801e45d   Thumb Code    14  rsi_os_wrapper.o(.text)
    rsi_mutex_create                         0x0801e46b   Thumb Code    34  rsi_os_wrapper.o(.text)
    rsi_mutex_lock                           0x0801e48d   Thumb Code    44  rsi_os_wrapper.o(.text)
    rsi_mutex_unlock                         0x0801e4b9   Thumb Code    32  rsi_os_wrapper.o(.text)
    rsi_mutex_destory                        0x0801e4d9   Thumb Code    26  rsi_os_wrapper.o(.text)
    rsi_semaphore_create                     0x0801e4f3   Thumb Code    34  rsi_os_wrapper.o(.text)
    rsi_semaphore_destroy                    0x0801e515   Thumb Code    38  rsi_os_wrapper.o(.text)
    rsi_semaphore_wait                       0x0801e53b   Thumb Code    46  rsi_os_wrapper.o(.text)
    rsi_semaphore_post                       0x0801e569   Thumb Code    30  rsi_os_wrapper.o(.text)
    rsi_semaphore_reset                      0x0801e587   Thumb Code    38  rsi_os_wrapper.o(.text)
    rsi_wlan_get_status                      0x0801e61d   Thumb Code    10  rsi_wlan_apis.o(.text)
    rsi_wlan_scan_async                      0x0801e627   Thumb Code   308  rsi_wlan_apis.o(.text)
    rsi_wlan_scan                            0x0801e75b   Thumb Code    94  rsi_wlan_apis.o(.text)
    rsi_wlan_execute_post_connect_cmds       0x0801e7b9   Thumb Code    76  rsi_wlan_apis.o(.text)
    rsi_wlan_connect_async                   0x0801e805   Thumb Code   920  rsi_wlan_apis.o(.text)
    rsi_wlan_connect                         0x0801eb9d   Thumb Code   128  rsi_wlan_apis.o(.text)
    rsi_wlan_bgscan_profile                  0x0801ec1d   Thumb Code   152  rsi_wlan_apis.o(.text)
    rsi_wlan_wps_push_button_event           0x0801ecb5   Thumb Code   126  rsi_wlan_apis.o(.text)
    rsi_wlan_wps_generate_pin                0x0801ed33   Thumb Code   122  rsi_wlan_apis.o(.text)
    rsi_wlan_wps_enter_pin                   0x0801edad   Thumb Code   122  rsi_wlan_apis.o(.text)
    rsi_get_random_bytes                     0x0801ee27   Thumb Code    98  rsi_wlan_apis.o(.text)
    rsi_wlan_disconnect                      0x0801ee89   Thumb Code    80  rsi_wlan_apis.o(.text)
    rsi_wlan_disconnect_stations             0x0801eed9   Thumb Code   114  rsi_wlan_apis.o(.text)
    rsi_config_ipaddress                     0x0801ef4b   Thumb Code   254  rsi_wlan_apis.o(.text)
    rsi_wlan_set_certificate                 0x0801f049   Thumb Code   370  rsi_wlan_apis.o(.text)
    rsi_wlan_get                             0x0801f1bb   Thumb Code   294  rsi_wlan_apis.o(.text)
    rsi_wlan_set                             0x0801f2e1   Thumb Code   176  rsi_wlan_apis.o(.text)
    rsi_wlan_ap_start                        0x0801f391   Thumb Code   468  rsi_wlan_apis.o(.text)
    rsi_wlan_power_save_profile              0x0801f565   Thumb Code    34  rsi_wlan_apis.o(.text)
    rsi_transmit_test_start                  0x0801f587   Thumb Code   190  rsi_wlan_apis.o(.text)
    rsi_transmit_test_stop                   0x0801f645   Thumb Code    98  rsi_wlan_apis.o(.text)
    rsi_wlan_receive_stats_start             0x0801f6a7   Thumb Code   114  rsi_wlan_apis.o(.text)
    rsi_wlan_receive_stats_stop              0x0801f719   Thumb Code    94  rsi_wlan_apis.o(.text)
    rsi_wlan_wfd_start_discovery             0x0801f777   Thumb Code   230  rsi_wlan_apis.o(.text)
    rsi_wlan_wfd_connect                     0x0801f85d   Thumb Code   132  rsi_wlan_apis.o(.text)
    rsi_wlan_send_data                       0x0801f8e1   Thumb Code   166  rsi_wlan_apis.o(.text)
    rsi_wlan_ping_async                      0x0801f987   Thumb Code   178  rsi_wlan_apis.o(.text)
    rsi_register_auto_config_rsp_handler     0x0801fa39   Thumb Code    10  rsi_wlan_apis.o(.text)
    rsi_wlan_add_profile                     0x0801fa43   Thumb Code   196  rsi_wlan_apis.o(.text)
    rsi_wlan_get_state                       0x0801fb07   Thumb Code    10  rsi_wlan_apis.o(.text)
    rsi_wlan_get_profile                     0x0801fb11   Thumb Code   114  rsi_wlan_apis.o(.text)
    rsi_fill_config_profile                  0x0801fb83   Thumb Code   888  rsi_wlan_apis.o(.text)
    rsi_wlan_delete_profile                  0x0801fefb   Thumb Code   100  rsi_wlan_apis.o(.text)
    rsi_wlan_enable_auto_config              0x0801ff5f   Thumb Code   108  rsi_wlan_apis.o(.text)
    rsi_wlan_register_callbacks              0x0801ffcb   Thumb Code   164  rsi_wlan_apis.o(.text)
    rsi_json_object_stringify                0x080200c1   Thumb Code   260  rsi_json_handlers.o(.text)
    rsi_json_object_scan_list_update         0x080201c5   Thumb Code   140  rsi_json_handlers.o(.text)
    rsi_json_object_init                     0x08020251   Thumb Code    48  rsi_json_handlers.o(.text)
    rsi_is_int                               0x08020281   Thumb Code    54  rsi_json_handlers.o(.text)
    rsi_json_extract_int                     0x080202b7   Thumb Code   118  rsi_json_handlers.o(.text)
    rsi_json_extract_boolean                 0x0802032d   Thumb Code   100  rsi_json_handlers.o(.text)
    rsi_json_extract_string                  0x08020391   Thumb Code   122  rsi_json_handlers.o(.text)
    rsi_json_object_data_update_helper       0x0802040b   Thumb Code    90  rsi_json_handlers.o(.text)
    rsi_json_extract_filename                0x08020465   Thumb Code    42  rsi_json_handlers.o(.text)
    rsi_json_object_update                   0x0802048f   Thumb Code    70  rsi_json_handlers.o(.text)
    rsi_is_float                             0x080204d5   Thumb Code    58  rsi_json_handlers.o(.text)
    rsi_json_extract_float                   0x0802050f   Thumb Code   228  rsi_json_handlers.o(.text)
    intf_lock_init                           0x080205f5   Thumb Code    10  rsi_intf_lock.o(.text)
    lock_intf                                0x080205ff   Thumb Code    10  rsi_intf_lock.o(.text)
    unlock_intf                              0x08020609   Thumb Code    10  rsi_intf_lock.o(.text)
    log_init                                 0x080207d9   Thumb Code   318  log_print.o(.text)
    log_register_outputcb                    0x08020917   Thumb Code    82  log_print.o(.text)
    log_unregister_outputcb                  0x08020969   Thumb Code    56  log_print.o(.text)
    log_printf                               0x08020c87   Thumb Code    40  log_print.o(.text)
    f_deldir                                 0x080213ad   Thumb Code   200  lwshell.o(.text)
    print_stkusage                           0x0802149f   Thumb Code    14  lwshell.o(.text)
    console_run                              0x0802193d   Thumb Code   310  lwshell.o(.text)
    reverse_copy                             0x08021aad   Thumb Code    24  tools.o(.text)
    Uint2BCD                                 0x08021ac5   Thumb Code   102  tools.o(.text)
    BCD2Uint                                 0x08021b2b   Thumb Code    66  tools.o(.text)
    BCD2Ascii                                0x08021b6d   Thumb Code    74  tools.o(.text)
    Ascii2BCD                                0x08021bb7   Thumb Code   150  tools.o(.text)
    Ascii2Uint                               0x08021c4d   Thumb Code    54  tools.o(.text)
    memdump                                  0x08021c83   Thumb Code    60  tools.o(.text)
    strnicmp                                 0x08021cbf   Thumb Code    70  tools.o(.text)
    ini_gets                                 0x0802205f   Thumb Code   124  minini.o(.text)
    ini_getl                                 0x080220db   Thumb Code    84  minini.o(.text)
    ini_getf                                 0x0802212f   Thumb Code    88  minini.o(.text)
    ini_getbool                              0x08022187   Thumb Code   112  minini.o(.text)
    ini_getsection                           0x080221f7   Thumb Code   100  minini.o(.text)
    ini_getkey                               0x0802225b   Thumb Code   104  minini.o(.text)
    ini_browse                               0x080222c3   Thumb Code   290  minini.o(.text)
    ini_puts                                 0x080225e1   Thumb Code   916  minini.o(.text)
    ini_putl                                 0x080229e9   Thumb Code    36  minini.o(.text)
    ini_putf                                 0x08022a0d   Thumb Code    62  minini.o(.text)
    sliding_filter_init                      0x08022a51   Thumb Code    24  sliding_filter.o(.text)
    sliding_filter_input                     0x08022a69   Thumb Code   104  sliding_filter.o(.text)
    sliding_filter_output                    0x08022ad1   Thumb Code   108  sliding_filter.o(.text)
    __aeabi_uldivmod                         0x08022b61   Thumb Code    98  uldiv.o(.text)
    __rt_ctype_table                         0x08022bc5   Thumb Code     4  ctype_o.o(.text)
    isprint                                  0x08022bcd   Thumb Code    18  isprint_o.o(.text)
    isspace                                  0x08022bdf   Thumb Code    18  isspace_o.o(.text)
    toupper                                  0x08022bf1   Thumb Code    12  toupper.o(.text)
    __aeabi_memcpy                           0x08022bfd   Thumb Code    36  memcpya.o(.text)
    __aeabi_memcpy4                          0x08022bfd   Thumb Code     0  memcpya.o(.text)
    __aeabi_memcpy8                          0x08022bfd   Thumb Code     0  memcpya.o(.text)
    __aeabi_memset                           0x08022c21   Thumb Code    14  memseta.o(.text)
    __aeabi_memset4                          0x08022c21   Thumb Code     0  memseta.o(.text)
    __aeabi_memset8                          0x08022c21   Thumb Code     0  memseta.o(.text)
    __aeabi_memclr                           0x08022c2f   Thumb Code     4  memseta.o(.text)
    __aeabi_memclr4                          0x08022c2f   Thumb Code     0  memseta.o(.text)
    __aeabi_memclr8                          0x08022c2f   Thumb Code     0  memseta.o(.text)
    _memset$wrapper                          0x08022c33   Thumb Code    18  memseta.o(.text)
    strstr                                   0x08022c45   Thumb Code    36  strstr.o(.text)
    strncpy                                  0x08022c69   Thumb Code    24  strncpy.o(.text)
    strchr                                   0x08022c81   Thumb Code    20  strchr.o(.text)
    strlen                                   0x08022c95   Thumb Code    14  strlen.o(.text)
    strcmp                                   0x08022ca3   Thumb Code    28  strcmp.o(.text)
    strcpy                                   0x08022cbf   Thumb Code    18  strcpy.o(.text)
    strtol                                   0x08022cd1   Thumb Code   112  strtol.o(.text)
    strtoul                                  0x08022d41   Thumb Code   114  strtoul.o(.text)
    atoi                                     0x08022db3   Thumb Code    26  atoi.o(.text)
    __aeabi_dadd                             0x08022dcd   Thumb Code   322  dadd.o(.text)
    __aeabi_dsub                             0x08022f0f   Thumb Code     6  dadd.o(.text)
    __aeabi_drsub                            0x08022f15   Thumb Code     6  dadd.o(.text)
    __aeabi_dmul                             0x08022f1b   Thumb Code   228  dmul.o(.text)
    __aeabi_ddiv                             0x08022fff   Thumb Code   222  ddiv.o(.text)
    __aeabi_i2d                              0x080230dd   Thumb Code    34  dflti.o(.text)
    __aeabi_ui2d                             0x080230ff   Thumb Code    26  dfltui.o(.text)
    __aeabi_d2iz                             0x08023119   Thumb Code    62  dfixi.o(.text)
    __aeabi_d2uiz                            0x08023157   Thumb Code    50  dfixui.o(.text)
    __aeabi_f2d                              0x08023189   Thumb Code    38  f2d.o(.text)
    __aeabi_cdcmpeq                          0x080231b1   Thumb Code     0  cdcmple.o(.text)
    __aeabi_cdcmple                          0x080231b1   Thumb Code    48  cdcmple.o(.text)
    __aeabi_cdrcmple                         0x080231e1   Thumb Code    48  cdrcmple.o(.text)
    __aeabi_d2f                              0x08023211   Thumb Code    56  d2f.o(.text)
    __aeabi_uidiv                            0x08023249   Thumb Code     0  uidiv.o(.text)
    __aeabi_uidivmod                         0x08023249   Thumb Code    44  uidiv.o(.text)
    __aeabi_llsl                             0x08023275   Thumb Code    30  llshl.o(.text)
    _ll_shift_l                              0x08023275   Thumb Code     0  llshl.o(.text)
    __aeabi_llsr                             0x08023293   Thumb Code    32  llushr.o(.text)
    _ll_ushift_r                             0x08023293   Thumb Code     0  llushr.o(.text)
    __aeabi_lasr                             0x080232b3   Thumb Code    36  llsshr.o(.text)
    _ll_sshift_r                             0x080232b3   Thumb Code     0  llsshr.o(.text)
    _strtoul                                 0x080232d7   Thumb Code   158  _strtoul.o(.text)
    __strtod_int                             0x080233ab   Thumb Code    90  strtod.o(.text)
    __I$use$fp                               0x08023411   Thumb Code     0  iusefp.o(.text)
    _float_round                             0x08023411   Thumb Code    18  fepilogue.o(.text)
    _float_epilogue                          0x08023423   Thumb Code    92  fepilogue.o(.text)
    _double_round                            0x0802347f   Thumb Code    30  depilogue.o(.text)
    _double_epilogue                         0x0802349d   Thumb Code   156  depilogue.o(.text)
    _dsqrt                                   0x08023539   Thumb Code   162  dsqrt.o(.text)
    __aeabi_d2ulz                            0x080235db   Thumb Code    48  dfixul.o(.text)
    __scatterload                            0x0802360d   Thumb Code    28  init.o(.text)
    __scatterload_rt2                        0x0802360d   Thumb Code     0  init.o(.text)
    _chval                                   0x08023631   Thumb Code    28  _chval.o(.text)
    _scanf_real                              0x08023775   Thumb Code     0  scanf_fp.o(.text)
    _scanf_really_real                       0x08023775   Thumb Code   556  scanf_fp.o(.text)
    _sgetc                                   0x080239ad   Thumb Code    30  _sgetc.o(.text)
    _sbackspace                              0x080239cb   Thumb Code    34  _sgetc.o(.text)
    __aeabi_ul2d                             0x080239ed   Thumb Code    24  dfltul.o(.text)
    __decompress                             0x08023a05   Thumb Code     0  __dczerorl2.o(.text)
    __decompress1                            0x08023a05   Thumb Code    86  __dczerorl2.o(.text)
    __0printf                                0x08023a5d   Thumb Code    22  printfa.o(i.__0printf)
    __1printf                                0x08023a5d   Thumb Code     0  printfa.o(i.__0printf)
    __2printf                                0x08023a5d   Thumb Code     0  printfa.o(i.__0printf)
    __c89printf                              0x08023a5d   Thumb Code     0  printfa.o(i.__0printf)
    printf                                   0x08023a5d   Thumb Code     0  printfa.o(i.__0printf)
    __0sprintf                               0x08023a7d   Thumb Code    34  printfa.o(i.__0sprintf)
    __1sprintf                               0x08023a7d   Thumb Code     0  printfa.o(i.__0sprintf)
    __2sprintf                               0x08023a7d   Thumb Code     0  printfa.o(i.__0sprintf)
    __c89sprintf                             0x08023a7d   Thumb Code     0  printfa.o(i.__0sprintf)
    sprintf                                  0x08023a7d   Thumb Code     0  printfa.o(i.__0sprintf)
    __0vsprintf                              0x08023aa5   Thumb Code    30  printfa.o(i.__0vsprintf)
    __1vsprintf                              0x08023aa5   Thumb Code     0  printfa.o(i.__0vsprintf)
    __2vsprintf                              0x08023aa5   Thumb Code     0  printfa.o(i.__0vsprintf)
    __c89vsprintf                            0x08023aa5   Thumb Code     0  printfa.o(i.__0vsprintf)
    vsprintf                                 0x08023aa5   Thumb Code     0  printfa.o(i.__0vsprintf)
    __ARM_fpclassify                         0x08023ac9   Thumb Code    48  fpclassify.o(i.__ARM_fpclassify)
    __aeabi_errno_addr                       0x08023af9   Thumb Code     4  errno.o(i.__aeabi_errno_addr)
    __rt_errno_addr                          0x08023af9   Thumb Code     0  errno.o(i.__aeabi_errno_addr)
    __hardfp_atof                            0x08023b01   Thumb Code    44  atof.o(i.__hardfp_atof)
    __hardfp_cos                             0x08023b39   Thumb Code   180  cos.o(i.__hardfp_cos)
    __hardfp_fabs                            0x08023c01   Thumb Code    20  fabs.o(i.__hardfp_fabs)
    __hardfp_sin                             0x08023c19   Thumb Code   180  sin.o(i.__hardfp_sin)
    __hardfp_sqrt                            0x08023ce1   Thumb Code   122  sqrt.o(i.__hardfp_sqrt)
    __ieee754_rem_pio2                       0x08023d61   Thumb Code   938  rred.o(i.__ieee754_rem_pio2)
    __kernel_cos                             0x08024199   Thumb Code   322  cos_i.o(i.__kernel_cos)
    __kernel_poly                            0x08024309   Thumb Code   248  poly.o(i.__kernel_poly)
    __kernel_sin                             0x08024401   Thumb Code   280  sin_i.o(i.__kernel_sin)
    __mathlib_dbl_infnan                     0x08024531   Thumb Code    20  dunder.o(i.__mathlib_dbl_infnan)
    __mathlib_dbl_invalid                    0x08024549   Thumb Code    24  dunder.o(i.__mathlib_dbl_invalid)
    __mathlib_dbl_underflow                  0x08024569   Thumb Code    24  dunder.o(i.__mathlib_dbl_underflow)
    __read_errno                             0x08024589   Thumb Code     6  errno.o(i.__read_errno)
    __scatterload_copy                       0x08024595   Thumb Code    14  handlers.o(i.__scatterload_copy)
    __scatterload_null                       0x080245a3   Thumb Code     2  handlers.o(i.__scatterload_null)
    __scatterload_zeroinit                   0x080245a5   Thumb Code    14  handlers.o(i.__scatterload_zeroinit)
    __set_errno                              0x080245b5   Thumb Code     6  errno.o(i.__set_errno)
    _is_digit                                0x08024745   Thumb Code    14  scanf_fp.o(i._is_digit)
    atof                                     0x08024e91   Thumb Code    48  atof.o(i.atof)
    cos                                      0x08024ec9   Thumb Code    16  cos.o(i.cos)
    fabs                                     0x08024ed9   Thumb Code    24  fabs.o(i.fabs)
    free                                     0x08024ef1   Thumb Code    76  malloc.o(i.free)
    malloc                                   0x08024f41   Thumb Code    92  malloc.o(i.malloc)
    sin                                      0x08024fad   Thumb Code    16  sin.o(i.sin)
    OSUnMapTbl                               0x08025150   Data         256  os_core.o(.constdata)
    OSDebugEn                                0x08025250   Data           2  os_dbg.o(.constdata)
    OSEndiannessTest                         0x08025254   Data           4  os_dbg.o(.constdata)
    OSEventEn                                0x08025258   Data           2  os_dbg.o(.constdata)
    OSEventMax                               0x0802525a   Data           2  os_dbg.o(.constdata)
    OSEventNameEn                            0x0802525c   Data           2  os_dbg.o(.constdata)
    OSEventSize                              0x0802525e   Data           2  os_dbg.o(.constdata)
    OSEventTblSize                           0x08025260   Data           2  os_dbg.o(.constdata)
    OSEventMultiEn                           0x08025262   Data           2  os_dbg.o(.constdata)
    OSFlagEn                                 0x08025264   Data           2  os_dbg.o(.constdata)
    OSFlagGrpSize                            0x08025266   Data           2  os_dbg.o(.constdata)
    OSFlagNodeSize                           0x08025268   Data           2  os_dbg.o(.constdata)
    OSFlagWidth                              0x0802526a   Data           2  os_dbg.o(.constdata)
    OSFlagMax                                0x0802526c   Data           2  os_dbg.o(.constdata)
    OSFlagNameEn                             0x0802526e   Data           2  os_dbg.o(.constdata)
    OSLowestPrio                             0x08025270   Data           2  os_dbg.o(.constdata)
    OSMboxEn                                 0x08025272   Data           2  os_dbg.o(.constdata)
    OSMemEn                                  0x08025274   Data           2  os_dbg.o(.constdata)
    OSMemMax                                 0x08025276   Data           2  os_dbg.o(.constdata)
    OSMemNameEn                              0x08025278   Data           2  os_dbg.o(.constdata)
    OSMemSize                                0x0802527a   Data           2  os_dbg.o(.constdata)
    OSMemTblSize                             0x0802527c   Data           2  os_dbg.o(.constdata)
    OSMutexEn                                0x0802527e   Data           2  os_dbg.o(.constdata)
    OSPtrSize                                0x08025280   Data           2  os_dbg.o(.constdata)
    OSQEn                                    0x08025282   Data           2  os_dbg.o(.constdata)
    OSQMax                                   0x08025284   Data           2  os_dbg.o(.constdata)
    OSQSize                                  0x08025286   Data           2  os_dbg.o(.constdata)
    OSRdyTblSize                             0x08025288   Data           2  os_dbg.o(.constdata)
    OSSemEn                                  0x0802528a   Data           2  os_dbg.o(.constdata)
    OSStkWidth                               0x0802528c   Data           2  os_dbg.o(.constdata)
    OSTaskCreateEn                           0x0802528e   Data           2  os_dbg.o(.constdata)
    OSTaskCreateExtEn                        0x08025290   Data           2  os_dbg.o(.constdata)
    OSTaskDelEn                              0x08025292   Data           2  os_dbg.o(.constdata)
    OSTaskIdleStkSize                        0x08025294   Data           2  os_dbg.o(.constdata)
    OSTaskProfileEn                          0x08025296   Data           2  os_dbg.o(.constdata)
    OSTaskMax                                0x08025298   Data           2  os_dbg.o(.constdata)
    OSTaskNameEn                             0x0802529a   Data           2  os_dbg.o(.constdata)
    OSTaskStatEn                             0x0802529c   Data           2  os_dbg.o(.constdata)
    OSTaskStatStkSize                        0x0802529e   Data           2  os_dbg.o(.constdata)
    OSTaskStatStkChkEn                       0x080252a0   Data           2  os_dbg.o(.constdata)
    OSTaskSwHookEn                           0x080252a2   Data           2  os_dbg.o(.constdata)
    OSTaskRegTblSize                         0x080252a4   Data           2  os_dbg.o(.constdata)
    OSTCBPrioTblMax                          0x080252a6   Data           2  os_dbg.o(.constdata)
    OSTCBSize                                0x080252a8   Data           2  os_dbg.o(.constdata)
    OSTicksPerSec                            0x080252aa   Data           2  os_dbg.o(.constdata)
    OSTimeTickHookEn                         0x080252ac   Data           2  os_dbg.o(.constdata)
    OSVersionNbr                             0x080252ae   Data           2  os_dbg.o(.constdata)
    OSTmrEn                                  0x080252b0   Data           2  os_dbg.o(.constdata)
    OSTmrCfgMax                              0x080252b2   Data           2  os_dbg.o(.constdata)
    OSTmrCfgNameEn                           0x080252b4   Data           2  os_dbg.o(.constdata)
    OSTmrCfgWheelSize                        0x080252b6   Data           2  os_dbg.o(.constdata)
    OSTmrCfgTicksPerSec                      0x080252b8   Data           2  os_dbg.o(.constdata)
    OSTmrSize                                0x080252ba   Data           2  os_dbg.o(.constdata)
    OSTmrTblSize                             0x080252bc   Data           2  os_dbg.o(.constdata)
    OSTmrWheelSize                           0x080252be   Data           2  os_dbg.o(.constdata)
    OSTmrWheelTblSize                        0x080252c0   Data           2  os_dbg.o(.constdata)
    OSDataSize                               0x080252c2   Data           2  os_dbg.o(.constdata)
    fAccUp                                   0x080252c4   Data           4  databank.o(.constdata)
    fAccDn                                   0x080252c8   Data           4  databank.o(.constdata)
    twoD_Distance                            0x080252cc   Data           4  databank.o(.constdata)
    wAccUp                                   0x080252d0   Data           4  databank.o(.constdata)
    wAccDn                                   0x080252d4   Data           4  databank.o(.constdata)
    inmem_points                             0x080252d8   Data         112  fuzzyhuo.o(.constdata)
    outmem_points                            0x08025348   Data         112  fuzzyhuo.o(.constdata)
    Rules                                    0x080253b8   Data         588  fuzzyhuo.o(.constdata)
    arm_dout                                 0x08025604   Data          18  bsp_io.o(.constdata)
    arm_din                                  0x08025616   Data          18  bsp_io.o(.constdata)
    rsi_sleep_ack                            0x0805032a   Data          16  rsi_driver_event_handlers.o(.constdata)
    __ctype_table                            0x0805033a   Data         129  ctype_o.o(.constdata)
    Region$$Table$$Base                      0x08050a40   Number         0  anon$$obj.o(Region$$Table)
    Region$$Table$$Limit                     0x08050a60   Number         0  anon$$obj.o(Region$$Table)
    SystemCoreClock                          0x20000000   Data           4  system_stm32f4xx.o(.data)
    AHBPrescTable                            0x20000004   Data          16  system_stm32f4xx.o(.data)
    CPU_TS_TmrFreq_Hz                        0x20000024   Data           4  cpu_core.o(.data)
    CPU_IntDisMeasCtr                        0x20000028   Data           2  cpu_core.o(.data)
    CPU_IntDisNestCtr                        0x2000002a   Data           2  cpu_core.o(.data)
    CPU_IntDisMeasStart_cnts                 0x2000002c   Data           4  cpu_core.o(.data)
    CPU_IntDisMeasStop_cnts                  0x20000030   Data           4  cpu_core.o(.data)
    CPU_IntDisMeasOvrhd_cnts                 0x20000034   Data           4  cpu_core.o(.data)
    CPU_IntDisMeasMaxCur_cnts                0x20000038   Data           4  cpu_core.o(.data)
    CPU_IntDisMeasMax_cnts                   0x2000003c   Data           4  cpu_core.o(.data)
    OSCtxSwCtr                               0x20000040   Data           4  os_core.o(.data)
    OSEventFreeList                          0x20000044   Data           4  os_core.o(.data)
    OSFlagFreeList                           0x20000048   Data           4  os_core.o(.data)
    OSCPUUsage                               0x2000004c   Data           1  os_core.o(.data)
    OSIdleCtrMax                             0x20000050   Data           4  os_core.o(.data)
    OSIdleCtrRun                             0x20000054   Data           4  os_core.o(.data)
    OSStatRdy                                0x20000058   Data           1  os_core.o(.data)
    OSIntNesting                             0x20000059   Data           1  os_core.o(.data)
    OSLockNesting                            0x2000005a   Data           1  os_core.o(.data)
    OSPrioCur                                0x2000005b   Data           1  os_core.o(.data)
    OSPrioHighRdy                            0x2000005c   Data           1  os_core.o(.data)
    OSRdyGrp                                 0x2000005d   Data           1  os_core.o(.data)
    OSRdyTbl                                 0x2000005e   Data           8  os_core.o(.data)
    OSRunning                                0x20000066   Data           1  os_core.o(.data)
    OSTaskCtr                                0x20000067   Data           1  os_core.o(.data)
    OSIdleCtr                                0x20000068   Data           4  os_core.o(.data)
    OSTCBCur                                 0x2000006c   Data           4  os_core.o(.data)
    OSTCBFreeList                            0x20000070   Data           4  os_core.o(.data)
    OSTCBHighRdy                             0x20000074   Data           4  os_core.o(.data)
    OSTCBList                                0x20000078   Data           4  os_core.o(.data)
    OSTickStepState                          0x2000007c   Data           1  os_core.o(.data)
    OSMemFreeList                            0x20000080   Data           4  os_core.o(.data)
    OSQFreeList                              0x20000084   Data           4  os_core.o(.data)
    OSTaskRegNextAvailID                     0x20000088   Data           1  os_core.o(.data)
    OSTime                                   0x2000008c   Data           4  os_core.o(.data)
    OSTmrFree                                0x20000090   Data           2  os_core.o(.data)
    OSTmrUsed                                0x20000092   Data           2  os_core.o(.data)
    OSTmrTime                                0x20000094   Data           4  os_core.o(.data)
    OSTmrSem                                 0x20000098   Data           4  os_core.o(.data)
    OSTmrSemSignal                           0x2000009c   Data           4  os_core.o(.data)
    OSTmrFreeList                            0x200000a0   Data           4  os_core.o(.data)
    OS_CPU_ExceptStkBase                     0x200000a4   Data           4  os_cpu_c.o(.data)
    spi_debug                                0x200000bc   Data           1  root.o(.data)
    agv_id                                   0x200000c0   Data           4  root.o(.data)
    controller_ip                            0x200000c4   Data           4  root.o(.data)
    controller_port                          0x200000c8   Data           4  root.o(.data)
    local_ip                                 0x200000cc   Data           4  root.o(.data)
    subnet_mask                              0x200000d0   Data           4  root.o(.data)
    gateway                                  0x200000d4   Data           4  root.o(.data)
    local_port                               0x200000d8   Data           4  root.o(.data)
    wifi_ssid                                0x200000dc   Data          32  root.o(.data)
    wifi_password                            0x200000fc   Data          32  root.o(.data)
    agv_callback                             0x2000011c   Data          16  agv.o(.data)
    rotateRadius                             0x20000164   Data           4  rotating.o(.data)
    PxDesired                                0x20000168   Data           4  rotating.o(.data)
    PyDesired                                0x2000016c   Data           4  rotating.o(.data)
    PthetaDesired                            0x20000170   Data           4  rotating.o(.data)
    unionCFRotatoOrignal                     0x20000174   Data           4  rotating.o(.data)
    para_a                                   0x20000178   Data           4  rotating.o(.data)
    para_b                                   0x2000017c   Data           4  rotating.o(.data)
    PxFreeze                                 0x20000180   Data           4  rotating.o(.data)
    PyFreeze                                 0x20000184   Data           4  rotating.o(.data)
    PthetaFreeze                             0x20000188   Data           4  rotating.o(.data)
    uQEP1                                    0x2000018c   Data           2  mctools.o(.data)
    uQEP1Old                                 0x2000018e   Data           2  mctools.o(.data)
    RealV1                                   0x20000190   Data           2  mctools.o(.data)
    RealS1                                   0x20000194   Data           4  mctools.o(.data)
    uQEP2                                    0x20000198   Data           2  mctools.o(.data)
    uQEP2Old                                 0x2000019a   Data           2  mctools.o(.data)
    RealV2                                   0x2000019c   Data           2  mctools.o(.data)
    RealS2                                   0x200001a0   Data           4  mctools.o(.data)
    AGV_Head_Dir                             0x200001a4   Data           2  mctools.o(.data)
    GS_DEV                                   0x200001a8   Data           4  mctools.o(.data)
    GS_DevFB                                 0x200001ac   Data           4  mctools.o(.data)
    GS_Angle                                 0x200001b0   Data           4  mctools.o(.data)
    fTargetVel                               0x200001b4   Data           4  databank.o(.data)
    wTarget                                  0x200001b8   Data           4  databank.o(.data)
    fVelRatio                                0x200001bc   Data           4  databank.o(.data)
    wVelRatio                                0x200001c0   Data           4  databank.o(.data)
    angleVDown                               0x200001c4   Data           4  databank.o(.data)
    angleOpen                                0x200001c8   Data           4  databank.o(.data)
    sStopDistance                            0x200001cc   Data           4  databank.o(.data)
    angleStopDistance                        0x200001d0   Data           4  databank.o(.data)
    reverseMode                              0x200001d4   Data           2  ragvcontrol.o(.data)
    reverseCnt                               0x200001d6   Data           2  ragvcontrol.o(.data)
    nReverseFlag                             0x200001d8   Data           2  ragvcontrol.o(.data)
    fFwdObsVel                               0x200001e0   Data           4  ragvcontrol.o(.data)
    uObClearCount                            0x200001e4   Data           2  ragvcontrol.o(.data)
    nAgvWorkMode                             0x200001e6   Data           2  ragvcontrol.o(.data)
    twoD_Progress                            0x200001e8   Data           4  ragvcontrol.o(.data)
    RealTwoDProgress                         0x200001ec   Data           4  ragvcontrol.o(.data)
    rotateR                                  0x200001f0   Data           4  ragvcontrol.o(.data)
    twoDMissingCnt                           0x200001f4   Data           2  ragvcontrol.o(.data)
    dflag                                    0x200001f6   Data           3  ragvcontrol.o(.data)
    Motionstyle                              0x2000020c   Data           2  motion_ctrl.o(.data)
    typeOfAction                             0x2000020e   Data           2  motion_ctrl.o(.data)
    typeOfActionNew                          0x20000210   Data           2  motion_ctrl.o(.data)
    iPath                                    0x20000212   Data           2  motion_ctrl.o(.data)
    vPath                                    0x20000214   Data           4  motion_ctrl.o(.data)
    fCurVel                                  0x20000218   Data           4  motion_ctrl.o(.data)
    fCurVelL                                 0x2000021c   Data           4  motion_ctrl.o(.data)
    fCurVelR                                 0x20000220   Data           4  motion_ctrl.o(.data)
    fDiffVel                                 0x20000224   Data           4  motion_ctrl.o(.data)
    sRemain                                  0x20000228   Data           4  motion_ctrl.o(.data)
    S_Vdown                                  0x2000022c   Data           4  motion_ctrl.o(.data)
    ethCommBreakFlag                         0x20000230   Data           2  motion_ctrl.o(.data)
    codeVersion                              0x20000232   Data           2  motion_ctrl.o(.data)
    angleRemain                              0x20000234   Data           4  motion_ctrl.o(.data)
    angleProcess                             0x20000238   Data           4  motion_ctrl.o(.data)
    AGV_Dir_Dest                             0x2000023c   Data           2  motion_ctrl.o(.data)
    wCurrent                                 0x20000240   Data           4  motion_ctrl.o(.data)
    wCycle                                   0x20000244   Data           4  motion_ctrl.o(.data)
    turnWholeCycleCnt                        0x20000248   Data           2  motion_ctrl.o(.data)
    twoDAngleConver                          0x2000024c   Data           4  motion_ctrl.o(.data)
    twoDAngleDest                            0x20000250   Data           4  motion_ctrl.o(.data)
    twoDAngleNew                             0x20000254   Data           4  motion_ctrl.o(.data)
    encoder_l                                0x20000258   Data           4  motion_ctrl.o(.data)
    encoder_r                                0x2000025c   Data           4  motion_ctrl.o(.data)
    twoD_YP                                  0x20000274   Data           4  navigation.o(.data)
    twoD_XP                                  0x20000278   Data           4  navigation.o(.data)
    twoD_Angle                               0x2000027c   Data           4  navigation.o(.data)
    twoD_TagCode                             0x20000280   Data           4  navigation.o(.data)
    twoD_TagCodeOld                          0x20000284   Data           4  navigation.o(.data)
    NewTag                                   0x20000288   Data           2  navigation.o(.data)
    in_univ_fac                              0x200003bc   Data           4  fuzzyhuo.o(.data)
    in_univ_fact                             0x200003c0   Data           4  fuzzyhuo.o(.data)
    out_univ_fac                             0x200003c4   Data           4  fuzzyhuo.o(.data)
    crisp_outputs                            0x200003c8   Data           4  fuzzyhuo.o(.data)
    Py                                       0x200003cc   Data           4  tracingzq.o(.data)
    Ptheta                                   0x200003d0   Data           4  tracingzq.o(.data)
    Px                                       0x200003d4   Data           4  tracingzq.o(.data)
    detY0                                    0x200003d8   Data           4  tracingzq.o(.data)
    detTheta0                                0x200003dc   Data           4  tracingzq.o(.data)
    PxOld                                    0x200003f0   Data           4  motionestimate.o(.data)
    PyOld                                    0x200003f4   Data           4  motionestimate.o(.data)
    PthetaOld                                0x200003f8   Data           4  motionestimate.o(.data)
    encoder_period                           0x20000400   Data           4  algorithm.o(.data)
    vel_data_algo                            0x20000404   Data           8  algorithm.o(.data)
    vel_data_real                            0x2000040c   Data           8  algorithm.o(.data)
    encoder_data                             0x20000414   Data           8  algorithm.o(.data)
    err                                      0x2000041c   Data           1  algorithm.o(.data)
    t0                                       0x2000041e   Data           2  algorithm.o(.data)
    t1                                       0x20000420   Data           2  algorithm.o(.data)
    _encCntL                                 0x20000424   Data           4  algorithm.o(.data)
    _encCntR                                 0x20000428   Data           4  algorithm.o(.data)
    encoder_vel                              0x2000042c   Data           8  algorithm.o(.data)
    arm_dout_port                            0x20000434   Data          36  bsp_io.o(.data)
    arm_din_port                             0x20000458   Data          36  bsp_io.o(.data)
    pwm1internum                             0x2000047c   Data           4  bsp_pwm.o(.data)
    gsEncoder                                0x20000480   Data           8  bsp_encoder.o(.data)
    StopCondition                            0x20000490   Data           4  bsp_sdio_sd.o(.data)
    TransferError                            0x20000494   Data           1  bsp_sdio_sd.o(.data)
    TransferEnd                              0x20000498   Data           4  bsp_sdio_sd.o(.data)
    DMAEndOfTransfer                         0x2000049c   Data           4  bsp_sdio_sd.o(.data)
    RSI_BAND                                 0x200004bc   Data           4  wifi.o(.data)
    RSI_CONFIG_CLIENT_BAND                   0x200004c0   Data           4  wifi.o(.data)
    RSI_CONFIG_CLIENT_SCAN_CHAN_BITMAP_2_4_GHZ 0x200004c4   Data           4  wifi.o(.data)
    RSI_CONFIG_CLIENT_SCAN_CHAN_BITMAP_5_0_GHZ 0x200004c8   Data           4  wifi.o(.data)
    RSI_SCAN_CHANNEL_BIT_MAP_2_4             0x200004cc   Data           4  wifi.o(.data)
    RSI_SCAN_CHANNEL_BIT_MAP_5               0x200004d0   Data           4  wifi.o(.data)
    rsi_driver_cb                            0x200004d4   Data           4  rsi_common_apis.o(.data)
    timer_counter                            0x200004dc   Data           4  rsi_timer.o(.data)
    rsi_spiTimer1                            0x200004e0   Data           4  rsi_spi_iface_init.o(.data)
    rsi_spiTimer2                            0x200004e4   Data           4  rsi_spi_iface_init.o(.data)
    rsi_spiTimer3                            0x200004e8   Data           4  rsi_spi_iface_init.o(.data)
    rsi_socket_pool                          0x20000528   Data           4  rsi_socket.o(.data)
    __stdout                                 0x20000638   Data           4  stdout.o(.data)
    __microlib_freelist                      0x2000063c   Data           4  mvars.o(.data)
    __microlib_freelist_initialised          0x20000640   Data           4  mvars.o(.data)
    CPU_Name                                 0x20000648   Data          16  cpu_core.o(.bss)
    OSEventTbl                               0x20000658   Data        4200  os_core.o(.bss)
    OSFlagTbl                                0x200016c0   Data          80  os_core.o(.bss)
    OSTaskStatStk                            0x20001710   Data         512  os_core.o(.bss)
    OSTaskIdleStk                            0x20001910   Data         512  os_core.o(.bss)
    OSTCBPrioTbl                             0x20001b10   Data         256  os_core.o(.bss)
    OSTCBTbl                                 0x20001c10   Data        1936  os_core.o(.bss)
    OSMemTbl                                 0x200023a0   Data         192  os_core.o(.bss)
    OSQTbl                                   0x20002460   Data         192  os_core.o(.bss)
    OSTmrTbl                                 0x20002520   Data         640  os_core.o(.bss)
    OSTmrTaskStk                             0x200027a0   Data         512  os_core.o(.bss)
    OSTmrWheelTbl                            0x200029a0   Data          64  os_core.o(.bss)
    OS_CPU_ExceptStk                         0x200029e0   Data         512  os_cpu_c.o(.bss)
    fs                                       0x20005448   Data         568  root.o(.bss)
    local_ip_str                             0x20005680   Data          16  root.o(.bss)
    remote_ip_str                            0x20005690   Data          16  root.o(.bss)
    g_structCanRe                            0x200082c0   Data        2564  bsp_can.o(.bss)
    gs_CanSendState                          0x20008cc4   Data          24  bsp_can.o(.bss)
    navi_data                                0x20008cdc   Data          20  navigation.o(.bss)
    encoder                                  0x20008d00   Data          24  encoder.o(.bss)
    rule_strengths                           0x2000b59c   Data         196  fuzzyhuo.o(.bss)
    fuzzy_inputs                             0x2000b660   Data          64  fuzzyhuo.o(.bss)
    fuzzy_outputs                            0x2000b6a0   Data          32  fuzzyhuo.o(.bss)
    g_tUart1                                 0x2000c2c0   Data          44  bsp_uart.o(.bss)
    g_TxBuf1                                 0x2000c2ec   Data         512  bsp_uart.o(.bss)
    g_RxBuf1                                 0x2000c4ec   Data         512  bsp_uart.o(.bss)
    g_tUart2                                 0x2000c6ec   Data          44  bsp_uart.o(.bss)
    g_TxBuf2                                 0x2000c718   Data         512  bsp_uart.o(.bss)
    g_RxBuf2                                 0x2000c918   Data         512  bsp_uart.o(.bss)
    gTimx                                    0x2000cb18   Data         300  bsp_pwm.o(.bss)
    ulPwmInterNum                            0x2000cc44   Data          20  bsp_pwm.o(.bss)
    SDCardInfo                               0x2000cc88   Data          88  bsp_sdio_sd.o(.bss)
    SDIO_InitStructure                       0x2000cce0   Data          24  bsp_sdio_sd.o(.bss)
    SDIO_CmdInitStructure                    0x2000ccf8   Data          20  bsp_sdio_sd.o(.bss)
    SDIO_DataInitStructure                   0x2000cd0c   Data          24  bsp_sdio_sd.o(.bss)
    wifi_driver_buffer                       0x2000d554   Data       10240  wifi.o(.bss)
    __heap_base                              0x20010f98   Data           0  startup_stm32f40_41xxx.o(HEAP)
    __heap_limit                             0x20011798   Data           0  startup_stm32f40_41xxx.o(HEAP)
    __initial_sp                             0x20011b98   Data           0  startup_stm32f40_41xxx.o(STACK)
    pwm_tstbuf                               0x2001fff0   Data           4  bsp_pwm.o(.ARM.__AT_0x2001FFF0)



==============================================================================

Memory Map of the image

  Image Entry point : 0x08000189

  Load Region LR_IROM1 (Base: 0x08000000, Size: 0x000510a8, Max: 0x00100000, ABSOLUTE, COMPRESSED[0x00050c30])

    Execution Region ER_IROM1 (Exec base: 0x08000000, Load base: 0x08000000, Size: 0x00050a60, Max: 0x00100000, ABSOLUTE)

    Exec Addr    Load Addr    Size         Type   Attr      Idx    E Section Name        Object

    0x08000000   0x08000000   0x00000188   Data   RO          136    RESET               startup_stm32f40_41xxx.o
    0x08000188   0x08000188   0x00000000   Code   RO         3452  * .ARM.Collect$$$$00000000  mc_w.l(entry.o)
    0x08000188   0x08000188   0x00000004   Code   RO         3852    .ARM.Collect$$$$00000001  mc_w.l(entry2.o)
    0x0800018c   0x0800018c   0x00000004   Code   RO         3855    .ARM.Collect$$$$00000004  mc_w.l(entry5.o)
    0x08000190   0x08000190   0x00000000   Code   RO         3857    .ARM.Collect$$$$00000008  mc_w.l(entry7b.o)
    0x08000190   0x08000190   0x00000000   Code   RO         3859    .ARM.Collect$$$$0000000A  mc_w.l(entry8b.o)
    0x08000190   0x08000190   0x00000008   Code   RO         3860    .ARM.Collect$$$$0000000B  mc_w.l(entry9a.o)
    0x08000198   0x08000198   0x00000000   Code   RO         3862    .ARM.Collect$$$$0000000D  mc_w.l(entry10a.o)
    0x08000198   0x08000198   0x00000000   Code   RO         3864    .ARM.Collect$$$$0000000F  mc_w.l(entry11a.o)
    0x08000198   0x08000198   0x00000004   Code   RO         3853    .ARM.Collect$$$$00002712  mc_w.l(entry2.o)
    0x0800019c   0x0800019c   0x00000210   Code   RO            4    .text               system_stm32f4xx.o
    0x080003ac   0x080003ac   0x00000024   Code   RO          137    .text               startup_stm32f40_41xxx.o
    0x080003d0   0x080003d0   0x000000e0   Code   RO          144    .text               misc.o
    0x080004b0   0x080004b0   0x000009f0   Code   RO          196    .text               stm32f4xx_can.o
    0x08000ea0   0x08000ea0   0x0000018c   Code   RO          388    .text               stm32f4xx_dcmi.o
    0x0800102c   0x0800102c   0x000003a8   Code   RO          412    .text               stm32f4xx_dma.o
    0x080013d4   0x080013d4   0x00000110   Code   RO          463    .text               stm32f4xx_exti.o
    0x080014e4   0x080014e4   0x00000294   Code   RO          565    .text               stm32f4xx_gpio.o
    0x08001778   0x08001778   0x0000065c   Code   RO          760    .text               stm32f4xx_rcc.o
    0x08001dd4   0x08001dd4   0x000001dc   Code   RO          861    .text               stm32f4xx_sdio.o
    0x08001fb0   0x08001fb0   0x00000480   Code   RO          885    .text               stm32f4xx_spi.o
    0x08002430   0x08002430   0x00000094   Code   RO          909    .text               stm32f4xx_syscfg.o
    0x080024c4   0x080024c4   0x00000ca2   Code   RO          933    .text               stm32f4xx_tim.o
    0x08003166   0x08003166   0x00000002   PAD
    0x08003168   0x08003168   0x00000454   Code   RO          957    .text               stm32f4xx_usart.o
    0x080035bc   0x080035bc   0x0000043c   Code   RO         1002    .text               cpu_core.o
    0x080039f8   0x080039f8   0x00000034   Code   RO         1068    .text               cpu_a.o
    0x08003a2c   0x08003a2c   0x00000256   Code   RO         1071    .text               lib_ascii.o
    0x08003c82   0x08003c82   0x00000202   Code   RO         1104    .text               lib_mem.o
    0x08003e84   0x08003e84   0x00000928   Code   RO         1119    .text               lib_str.o
    0x080047ac   0x080047ac   0x00000220   Code   RO         1136    .text               lib_mem_a.o
    0x080049cc   0x080049cc   0x00000d14   Code   RO         1139    .text               os_core.o
    0x080056e0   0x080056e0   0x0000081c   Code   RO         1166    .text               os_flag.o
    0x08005efc   0x08005efc   0x000001e4   Code   RO         1194    .text               os_mem.o
    0x080060e0   0x080060e0   0x00000648   Code   RO         1206    .text               os_mutex.o
    0x08006728   0x08006728   0x00000600   Code   RO         1218    .text               os_q.o
    0x08006d28   0x08006d28   0x000003a4   Code   RO         1230    .text               os_sem.o
    0x080070cc   0x080070cc   0x00000864   Code   RO         1242    .text               os_task.o
    0x08007930   0x08007930   0x000001b0   Code   RO         1254    .text               os_time.o
    0x08007ae0   0x08007ae0   0x0000067c   Code   RO         1266    .text               os_tmr.o
    0x0800815c   0x0800815c   0x0000016c   Code   RO         1278    .text               os_cpu_c.o
    0x080082c8   0x080082c8   0x0000015c   Code   RO         1301    .text               os_dbg.o
    0x08008424   0x08008424   0x000000c0   Code   RO         1316    .text               os_cpu_a.o
    0x080084e4   0x080084e4   0x000000f4   Code   RO         1322    .text               bsp.o
    0x080085d8   0x080085d8   0x00000024   Code   RO         1359    .text               stm32f4xx_it.o
    0x080085fc   0x080085fc   0x0000004c   Code   RO         1383    .text               main.o
    0x08008648   0x08008648   0x00001254   Code   RO         1411    .text               agvcp.o
    0x0800989c   0x0800989c   0x00000300   Code   RO         1487    .text               root.o
    0x08009b9c   0x08009b9c   0x00000cd8   Code   RO         1591    .text               agv.o
    0x0800a874   0x0800a874   0x00000618   Code   RO         1637    .text               rotating.o
    0x0800ae8c   0x0800ae8c   0x00000608   Code   RO         1680    .text               mctools.o
    0x0800b494   0x0800b494   0x0000019c   Code   RO         1730    .text               vplan.o
    0x0800b630   0x0800b630   0x00001ad4   Code   RO         1791    .text               ragvcontrol.o
    0x0800d104   0x0800d104   0x000001b8   Code   RO         1860    .text               reversemotioncontrol.o
    0x0800d2bc   0x0800d2bc   0x0000092c   Code   RO         1888    .text               motion_ctrl.o
    0x0800dbe8   0x0800dbe8   0x00000244   Code   RO         1929    .text               can_dispatcher.o
    0x0800de2c   0x0800de2c   0x00000428   Code   RO         1959    .text               bsp_can.o
    0x0800e254   0x0800e254   0x000003a0   Code   RO         1989    .text               navigation.o
    0x0800e5f4   0x0800e5f4   0x00000638   Code   RO         2021    .text               motors.o
    0x0800ec2c   0x0800ec2c   0x0000010c   Code   RO         2063    .text               encoder.o
    0x0800ed38   0x0800ed38   0x00000330   Code   RO         2090    .text               bms.o
    0x0800f068   0x0800f068   0x0000060c   Code   RO         2114    .text               test.o
    0x0800f674   0x0800f674   0x0000046c   Code   RO         2152    .text               console.o
    0x0800fae0   0x0800fae0   0x000003a0   Code   RO         2189    .text               configuration.o
    0x0800fe80   0x0800fe80   0x000007b8   Code   RO         2208    .text               fuzzyhuo.o
    0x08010638   0x08010638   0x000006d4   Code   RO         2231    .text               tracingzq.o
    0x08010d0c   0x08010d0c   0x000009fc   Code   RO         2266    .text               tshapevplan.o
    0x08011708   0x08011708   0x000000c0   Code   RO         2294    .text               angle.o
    0x080117c8   0x080117c8   0x00000498   Code   RO         2311    .text               motionestimate.o
    0x08011c60   0x08011c60   0x00000354   Code   RO         2338    .text               algorithm.o
    0x08011fb4   0x08011fb4   0x0000042e   Code   RO         2369    .text               bsp_uart.o
    0x080123e2   0x080123e2   0x00000002   PAD
    0x080123e4   0x080123e4   0x00000058   Code   RO         2396    .text               bsp_led.o
    0x0801243c   0x0801243c   0x00000110   Code   RO         2420    .text               bsp_io.o
    0x0801254c   0x0801254c   0x000009c4   Code   RO         2448    .text               bsp_pwm.o
    0x08012f10   0x08012f10   0x000002f0   Code   RO         2477    .text               bsp_encoder.o
    0x08013200   0x08013200   0x00001cd8   Code   RO         2507    .text               bsp_sdio_sd.o
    0x08014ed8   0x08014ed8   0x000001f8   Code   RO         2538    .text               bsp_timer.o
    0x080150d0   0x080150d0   0x00000178   Code   RO         2567    .text               diskio.o
    0x08015248   0x08015248   0x0000363c   Code   RO         2598    .text               ff.o
    0x08018884   0x08018884   0x000000e8   Code   RO         2629    .text               syscall.o
    0x0801896c   0x0801896c   0x000000b4   Code   RO         2650    .text               unicode.o
    0x08018a20   0x08018a20   0x00000530   Code   RO         2673    .text               wifi.o
    0x08018f50   0x08018f50   0x000002dc   Code   RO         2701    .text               rsi_common_apis.o
    0x0801922c   0x0801922c   0x000000ac   Code   RO         2781    .text               rsi_device_init_apis.o
    0x080192d8   0x080192d8   0x0000054c   Code   RO         2800    .text               rsi_common.o
    0x08019824   0x08019824   0x00000380   Code   RO         2812    .text               rsi_device_init.o
    0x08019ba4   0x08019ba4   0x0000000e   Code   RO         2825    .text               rsi_driver.o
    0x08019bb2   0x08019bb2   0x00000002   PAD
    0x08019bb4   0x08019bb4   0x000001e0   Code   RO         2837    .text               rsi_driver_event_handlers.o
    0x08019d94   0x08019d94   0x00000134   Code   RO         2852    .text               rsi_events.o
    0x08019ec8   0x08019ec8   0x000003ec   Code   RO         2876    .text               rsi_nwk.o
    0x0801a2b4   0x0801a2b4   0x000000f4   Code   RO         2942    .text               rsi_pkt_mgmt.o
    0x0801a3a8   0x0801a3a8   0x000000e6   Code   RO         2954    .text               rsi_queue.o
    0x0801a48e   0x0801a48e   0x00000002   PAD
    0x0801a490   0x0801a490   0x000000a4   Code   RO         2966    .text               rsi_scheduler.o
    0x0801a534   0x0801a534   0x00000228   Code   RO         2978    .text               rsi_setregion_countryinfo.o
    0x0801a75c   0x0801a75c   0x00000054   Code   RO         2990    .text               rsi_timer.o
    0x0801a7b0   0x0801a7b0   0x00000508   Code   RO         3005    .text               rsi_utils.o
    0x0801acb8   0x0801acb8   0x000016e8   Code   RO         3017    .text               rsi_wlan.o
    0x0801c3a0   0x0801c3a0   0x00000214   Code   RO         3035    .text               rsi_spi_frame_rd_wr.o
    0x0801c5b4   0x0801c5b4   0x000001b4   Code   RO         3047    .text               rsi_spi_functs.o
    0x0801c768   0x0801c768   0x00000088   Code   RO         3059    .text               rsi_spi_iface_init.o
    0x0801c7f0   0x0801c7f0   0x000000f4   Code   RO         3077    .text               rsi_spi_mem_rd_wr.o
    0x0801c8e4   0x0801c8e4   0x000000a4   Code   RO         3089    .text               rsi_spi_reg_rd_wr.o
    0x0801c988   0x0801c988   0x000000b4   Code   RO         3104    .text               rsi_hal_mcu_interrupt.o
    0x0801ca3c   0x0801ca3c   0x00000104   Code   RO         3130    .text               rsi_hal_mcu_ioports.o
    0x0801cb40   0x0801cb40   0x00000158   Code   RO         3168    .text               rsi_hal_mcu_spi.o
    0x0801cc98   0x0801cc98   0x00000072   Code   RO         3190    .text               rsi_hal_mcu_timer.o
    0x0801cd0a   0x0801cd0a   0x00000002   PAD
    0x0801cd0c   0x0801cd0c   0x00001740   Code   RO         3214    .text               rsi_socket.o
    0x0801e44c   0x0801e44c   0x000001d0   Code   RO         3232    .text               rsi_os_wrapper.o
    0x0801e61c   0x0801e61c   0x00001aa4   Code   RO         3244    .text               rsi_wlan_apis.o
    0x080200c0   0x080200c0   0x00000532   Code   RO         3257    .text               rsi_json_handlers.o
    0x080205f2   0x080205f2   0x00000002   PAD
    0x080205f4   0x080205f4   0x00000024   Code   RO         3274    .text               rsi_intf_lock.o
    0x08020618   0x08020618   0x000006b0   Code   RO         3291    .text               log_print.o
    0x08020cc8   0x08020cc8   0x00000de4   Code   RO         3325    .text               lwshell.o
    0x08021aac   0x08021aac   0x00000268   Code   RO         3359    .text               tools.o
    0x08021d14   0x08021d14   0x00000d3c   Code   RO         3374    .text               minini.o
    0x08022a50   0x08022a50   0x00000110   Code   RO         3389    .text               sliding_filter.o
    0x08022b60   0x08022b60   0x00000062   Code   RO         3455    .text               mc_w.l(uldiv.o)
    0x08022bc2   0x08022bc2   0x00000002   PAD
    0x08022bc4   0x08022bc4   0x00000008   Code   RO         3459    .text               mc_w.l(ctype_o.o)
    0x08022bcc   0x08022bcc   0x00000012   Code   RO         3477    .text               mc_w.l(isprint_o.o)
    0x08022bde   0x08022bde   0x00000012   Code   RO         3481    .text               mc_w.l(isspace_o.o)
    0x08022bf0   0x08022bf0   0x0000000c   Code   RO         3487    .text               mc_w.l(toupper.o)
    0x08022bfc   0x08022bfc   0x00000024   Code   RO         3489    .text               mc_w.l(memcpya.o)
    0x08022c20   0x08022c20   0x00000024   Code   RO         3491    .text               mc_w.l(memseta.o)
    0x08022c44   0x08022c44   0x00000024   Code   RO         3493    .text               mc_w.l(strstr.o)
    0x08022c68   0x08022c68   0x00000018   Code   RO         3495    .text               mc_w.l(strncpy.o)
    0x08022c80   0x08022c80   0x00000014   Code   RO         3497    .text               mc_w.l(strchr.o)
    0x08022c94   0x08022c94   0x0000000e   Code   RO         3499    .text               mc_w.l(strlen.o)
    0x08022ca2   0x08022ca2   0x0000001c   Code   RO         3501    .text               mc_w.l(strcmp.o)
    0x08022cbe   0x08022cbe   0x00000012   Code   RO         3503    .text               mc_w.l(strcpy.o)
    0x08022cd0   0x08022cd0   0x00000070   Code   RO         3796    .text               mc_w.l(strtol.o)
    0x08022d40   0x08022d40   0x00000072   Code   RO         3798    .text               mc_w.l(strtoul.o)
    0x08022db2   0x08022db2   0x0000001a   Code   RO         3800    .text               mc_w.l(atoi.o)
    0x08022dcc   0x08022dcc   0x0000014e   Code   RO         3802    .text               mf_w.l(dadd.o)
    0x08022f1a   0x08022f1a   0x000000e4   Code   RO         3804    .text               mf_w.l(dmul.o)
    0x08022ffe   0x08022ffe   0x000000de   Code   RO         3806    .text               mf_w.l(ddiv.o)
    0x080230dc   0x080230dc   0x00000022   Code   RO         3808    .text               mf_w.l(dflti.o)
    0x080230fe   0x080230fe   0x0000001a   Code   RO         3810    .text               mf_w.l(dfltui.o)
    0x08023118   0x08023118   0x0000003e   Code   RO         3812    .text               mf_w.l(dfixi.o)
    0x08023156   0x08023156   0x00000032   Code   RO         3814    .text               mf_w.l(dfixui.o)
    0x08023188   0x08023188   0x00000026   Code   RO         3816    .text               mf_w.l(f2d.o)
    0x080231ae   0x080231ae   0x00000002   PAD
    0x080231b0   0x080231b0   0x00000030   Code   RO         3818    .text               mf_w.l(cdcmple.o)
    0x080231e0   0x080231e0   0x00000030   Code   RO         3820    .text               mf_w.l(cdrcmple.o)
    0x08023210   0x08023210   0x00000038   Code   RO         3822    .text               mf_w.l(d2f.o)
    0x08023248   0x08023248   0x0000002c   Code   RO         3867    .text               mc_w.l(uidiv.o)
    0x08023274   0x08023274   0x0000001e   Code   RO         3869    .text               mc_w.l(llshl.o)
    0x08023292   0x08023292   0x00000020   Code   RO         3871    .text               mc_w.l(llushr.o)
    0x080232b2   0x080232b2   0x00000024   Code   RO         3873    .text               mc_w.l(llsshr.o)
    0x080232d6   0x080232d6   0x0000009e   Code   RO         3887    .text               mc_w.l(_strtoul.o)
    0x08023374   0x08023374   0x0000009c   Code   RO         3889    .text               mc_w.l(strtod.o)
    0x08023410   0x08023410   0x00000000   Code   RO         3891    .text               mc_w.l(iusefp.o)
    0x08023410   0x08023410   0x0000006e   Code   RO         3892    .text               mf_w.l(fepilogue.o)
    0x0802347e   0x0802347e   0x000000ba   Code   RO         3894    .text               mf_w.l(depilogue.o)
    0x08023538   0x08023538   0x000000a2   Code   RO         3898    .text               mf_w.l(dsqrt.o)
    0x080235da   0x080235da   0x00000030   Code   RO         3900    .text               mf_w.l(dfixul.o)
    0x0802360a   0x0802360a   0x00000002   PAD
    0x0802360c   0x0802360c   0x00000024   Code   RO         3906    .text               mc_w.l(init.o)
    0x08023630   0x08023630   0x0000001c   Code   RO         3910    .text               mc_w.l(_chval.o)
    0x0802364c   0x0802364c   0x00000360   Code   RO         3912    .text               mc_w.l(scanf_fp.o)
    0x080239ac   0x080239ac   0x00000040   Code   RO         3916    .text               mc_w.l(_sgetc.o)
    0x080239ec   0x080239ec   0x00000018   Code   RO         3918    .text               mf_w.l(dfltul.o)
    0x08023a04   0x08023a04   0x00000056   Code   RO         3928    .text               mc_w.l(__dczerorl2.o)
    0x08023a5a   0x08023a5a   0x00000002   PAD
    0x08023a5c   0x08023a5c   0x00000020   Code   RO         3740    i.__0printf         mc_w.l(printfa.o)
    0x08023a7c   0x08023a7c   0x00000028   Code   RO         3742    i.__0sprintf        mc_w.l(printfa.o)
    0x08023aa4   0x08023aa4   0x00000024   Code   RO         3746    i.__0vsprintf       mc_w.l(printfa.o)
    0x08023ac8   0x08023ac8   0x00000030   Code   RO         3902    i.__ARM_fpclassify  m_wm.l(fpclassify.o)
    0x08023af8   0x08023af8   0x00000008   Code   RO         3880    i.__aeabi_errno_addr  mc_w.l(errno.o)
    0x08023b00   0x08023b00   0x00000038   Code   RO         3404    i.__hardfp_atof     m_wm.l(atof.o)
    0x08023b38   0x08023b38   0x000000c8   Code   RO         3410    i.__hardfp_cos      m_wm.l(cos.o)
    0x08023c00   0x08023c00   0x00000014   Code   RO         3422    i.__hardfp_fabs     m_wm.l(fabs.o)
    0x08023c14   0x08023c14   0x00000004   PAD
    0x08023c18   0x08023c18   0x000000c8   Code   RO         3428    i.__hardfp_sin      m_wm.l(sin.o)
    0x08023ce0   0x08023ce0   0x0000007a   Code   RO         3440    i.__hardfp_sqrt     m_wm.l(sqrt.o)
    0x08023d5a   0x08023d5a   0x00000006   PAD
    0x08023d60   0x08023d60   0x00000438   Code   RO         3841    i.__ieee754_rem_pio2  m_wm.l(rred.o)
    0x08024198   0x08024198   0x00000170   Code   RO         3824    i.__kernel_cos      m_wm.l(cos_i.o)
    0x08024308   0x08024308   0x000000f8   Code   RO         3904    i.__kernel_poly     m_wm.l(poly.o)
    0x08024400   0x08024400   0x00000130   Code   RO         3846    i.__kernel_sin      m_wm.l(sin_i.o)
    0x08024530   0x08024530   0x00000014   Code   RO         3828    i.__mathlib_dbl_infnan  m_wm.l(dunder.o)
    0x08024544   0x08024544   0x00000004   PAD
    0x08024548   0x08024548   0x00000020   Code   RO         3830    i.__mathlib_dbl_invalid  m_wm.l(dunder.o)
    0x08024568   0x08024568   0x00000020   Code   RO         3833    i.__mathlib_dbl_underflow  m_wm.l(dunder.o)
    0x08024588   0x08024588   0x0000000c   Code   RO         3881    i.__read_errno      mc_w.l(errno.o)
    0x08024594   0x08024594   0x0000000e   Code   RO         3922    i.__scatterload_copy  mc_w.l(handlers.o)
    0x080245a2   0x080245a2   0x00000002   Code   RO         3923    i.__scatterload_null  mc_w.l(handlers.o)
    0x080245a4   0x080245a4   0x0000000e   Code   RO         3924    i.__scatterload_zeroinit  mc_w.l(handlers.o)
    0x080245b2   0x080245b2   0x00000002   PAD
    0x080245b4   0x080245b4   0x0000000c   Code   RO         3882    i.__set_errno       mc_w.l(errno.o)
    0x080245c0   0x080245c0   0x00000184   Code   RO         3747    i._fp_digits        mc_w.l(printfa.o)
    0x08024744   0x08024744   0x0000000e   Code   RO         3914    i._is_digit         mc_w.l(scanf_fp.o)
    0x08024752   0x08024752   0x00000002   PAD
    0x08024754   0x08024754   0x000006dc   Code   RO         3748    i._printf_core      mc_w.l(printfa.o)
    0x08024e30   0x08024e30   0x00000024   Code   RO         3749    i._printf_post_padding  mc_w.l(printfa.o)
    0x08024e54   0x08024e54   0x0000002e   Code   RO         3750    i._printf_pre_padding  mc_w.l(printfa.o)
    0x08024e82   0x08024e82   0x0000000a   Code   RO         3752    i._sputc            mc_w.l(printfa.o)
    0x08024e8c   0x08024e8c   0x00000004   PAD
    0x08024e90   0x08024e90   0x00000038   Code   RO         3406    i.atof              m_wm.l(atof.o)
    0x08024ec8   0x08024ec8   0x00000010   Code   RO         3412    i.cos               m_wm.l(cos.o)
    0x08024ed8   0x08024ed8   0x00000018   Code   RO         3424    i.fabs              m_wm.l(fabs.o)
    0x08024ef0   0x08024ef0   0x00000050   Code   RO         3768    i.free              mc_w.l(malloc.o)
    0x08024f40   0x08024f40   0x0000006c   Code   RO         3769    i.malloc            mc_w.l(malloc.o)
    0x08024fac   0x08024fac   0x00000010   Code   RO         3430    i.sin               m_wm.l(sin.o)
    0x08024fbc   0x08024fbc   0x00000100   Data   RO         1004    .constdata          cpu_core.o
    0x080250bc   0x080250bc   0x00000094   Data   RO         1120    .constdata          lib_str.o
    0x08025150   0x08025150   0x00000100   Data   RO         1141    .constdata          os_core.o
    0x08025250   0x08025250   0x00000074   Data   RO         1302    .constdata          os_dbg.o
    0x080252c4   0x080252c4   0x00000014   Data   RO         1765    .constdata          databank.o
    0x080252d8   0x080252d8   0x0000032c   Data   RO         2210    .constdata          fuzzyhuo.o
    0x08025604   0x08025604   0x00000024   Data   RO         2421    .constdata          bsp_io.o
    0x08025628   0x08025628   0x0000003a   Data   RO         2600    .constdata          ff.o
    0x08025662   0x08025662   0x0002acc8   Data   RO         2651    .constdata          unicode.o
    0x0805032a   0x0805032a   0x00000010   Data   RO         2838    .constdata          rsi_driver_event_handlers.o
    0x0805033a   0x0805033a   0x00000081   Data   RO         3460    .constdata          mc_w.l(ctype_o.o)
    0x080503bb   0x080503bb   0x00000001   PAD
    0x080503bc   0x080503bc   0x00000004   Data   RO         3461    .constdata          mc_w.l(ctype_o.o)
    0x080503c0   0x080503c0   0x00000030   Data   RO         3825    .constdata          m_wm.l(cos_i.o)
    0x080503f0   0x080503f0   0x000000c8   Data   RO         3843    .constdata          m_wm.l(rred.o)
    0x080504b8   0x080504b8   0x00000028   Data   RO         3847    .constdata          m_wm.l(sin_i.o)
    0x080504e0   0x080504e0   0x00000045   Data   RO         1413    .conststring        agvcp.o
    0x08050525   0x08050525   0x00000003   PAD
    0x08050528   0x08050528   0x0000004c   Data   RO         2116    .conststring        test.o
    0x08050574   0x08050574   0x00000090   Data   RO         2190    .conststring        configuration.o
    0x08050604   0x08050604   0x000001bf   Data   RO         3258    .conststring        rsi_json_handlers.o
    0x080507c3   0x080507c3   0x00000001   PAD
    0x080507c4   0x080507c4   0x0000027a   Data   RO         3326    .conststring        lwshell.o
    0x08050a3e   0x08050a3e   0x00000002   PAD
    0x08050a40   0x08050a40   0x00000020   Data   RO         3920    Region$$Table       anon$$obj.o


    Execution Region RW_IRAM1 (Exec base: 0x20000000, Load base: 0x08050a60, Size: 0x0001fff4, Max: 0x00020000, ABSOLUTE, COMPRESSED[0x000001d0])

    Exec Addr    Load Addr    Size         Type   Attr      Idx    E Section Name        Object

    0x20000000   COMPRESSED   0x00000014   Data   RW            5    .data               system_stm32f4xx.o
    0x20000014   COMPRESSED   0x00000010   Data   RW          761    .data               stm32f4xx_rcc.o
    0x20000024   COMPRESSED   0x0000001c   Data   RW         1005    .data               cpu_core.o
    0x20000040   COMPRESSED   0x00000064   Data   RW         1142    .data               os_core.o
    0x200000a4   COMPRESSED   0x00000006   Data   RW         1280    .data               os_cpu_c.o
    0x200000aa   COMPRESSED   0x00000002   PAD
    0x200000ac   COMPRESSED   0x00000010   Data   RW         1414    .data               agvcp.o
    0x200000bc   COMPRESSED   0x00000060   Data   RW         1489    .data               root.o
    0x2000011c   COMPRESSED   0x00000048   Data   RW         1593    .data               agv.o
    0x20000164   COMPRESSED   0x00000028   Data   RW         1638    .data               rotating.o
    0x2000018c   COMPRESSED   0x00000028   Data   RW         1681    .data               mctools.o
    0x200001b4   COMPRESSED   0x00000020   Data   RW         1766    .data               databank.o
    0x200001d4   COMPRESSED   0x00000038   Data   RW         1793    .data               ragvcontrol.o
    0x2000020c   COMPRESSED   0x00000054   Data   RW         1891    .data               motion_ctrl.o
    0x20000260   COMPRESSED   0x00000014   Data   RW         1931    .data               can_dispatcher.o
    0x20000274   COMPRESSED   0x0000001c   Data   RW         1991    .data               navigation.o
    0x20000290   COMPRESSED   0x00000008   Data   RW         2023    .data               motors.o
    0x20000298   COMPRESSED   0x00000010   Data   RW         2092    .data               bms.o
    0x200002a8   COMPRESSED   0x00000010   Data   RW         2117    .data               test.o
    0x200002b8   COMPRESSED   0x00000010   Data   RW         2154    .data               console.o
    0x200002c8   COMPRESSED   0x000000f4   Data   RW         2191    .data               configuration.o
    0x200003bc   COMPRESSED   0x00000010   Data   RW         2211    .data               fuzzyhuo.o
    0x200003cc   COMPRESSED   0x00000018   Data   RW         2232    .data               tracingzq.o
    0x200003e4   COMPRESSED   0x0000000c   Data   RW         2295    .data               angle.o
    0x200003f0   COMPRESSED   0x0000000c   Data   RW         2312    .data               motionestimate.o
    0x200003fc   COMPRESSED   0x00000038   Data   RW         2340    .data               algorithm.o
    0x20000434   COMPRESSED   0x00000048   Data   RW         2422    .data               bsp_io.o
    0x2000047c   COMPRESSED   0x00000004   Data   RW         2451    .data               bsp_pwm.o
    0x20000480   COMPRESSED   0x00000008   Data   RW         2478    .data               bsp_encoder.o
    0x20000488   COMPRESSED   0x00000018   Data   RW         2509    .data               bsp_sdio_sd.o
    0x200004a0   COMPRESSED   0x00000014   Data   RW         2539    .data               bsp_timer.o
    0x200004b4   COMPRESSED   0x00000006   Data   RW         2601    .data               ff.o
    0x200004ba   COMPRESSED   0x00000002   PAD
    0x200004bc   COMPRESSED   0x00000018   Data   RW         2675    .data               wifi.o
    0x200004d4   COMPRESSED   0x00000004   Data   RW         2702    .data               rsi_common_apis.o
    0x200004d8   COMPRESSED   0x00000002   Data   RW         2813    .data               rsi_device_init.o
    0x200004da   COMPRESSED   0x00000002   PAD
    0x200004dc   COMPRESSED   0x00000004   Data   RW         2991    .data               rsi_timer.o
    0x200004e0   COMPRESSED   0x0000000c   Data   RW         3060    .data               rsi_spi_iface_init.o
    0x200004ec   COMPRESSED   0x0000000c   Data   RW         3105    .data               rsi_hal_mcu_interrupt.o
    0x200004f8   COMPRESSED   0x00000030   Data   RW         3131    .data               rsi_hal_mcu_ioports.o
    0x20000528   COMPRESSED   0x00000004   Data   RW         3215    .data               rsi_socket.o
    0x2000052c   COMPRESSED   0x00000008   Data   RW         3245    .data               rsi_wlan_apis.o
    0x20000534   COMPRESSED   0x00000004   Data   RW         3275    .data               rsi_intf_lock.o
    0x20000538   COMPRESSED   0x00000025   Data   RW         3293    .data               log_print.o
    0x2000055d   COMPRESSED   0x00000003   PAD
    0x20000560   COMPRESSED   0x000000d8   Data   RW         3327    .data               lwshell.o
    0x20000638   COMPRESSED   0x00000004   Data   RW         3866    .data               mc_w.l(stdout.o)
    0x2000063c   COMPRESSED   0x00000004   Data   RW         3878    .data               mc_w.l(mvars.o)
    0x20000640   COMPRESSED   0x00000004   Data   RW         3879    .data               mc_w.l(mvars.o)
    0x20000644   COMPRESSED   0x00000004   Data   RW         3883    .data               mc_w.l(errno.o)
    0x20000648        -       0x00000010   Zero   RW         1003    .bss                cpu_core.o
    0x20000658        -       0x00002388   Zero   RW         1140    .bss                os_core.o
    0x200029e0        -       0x00000200   Zero   RW         1279    .bss                os_cpu_c.o
    0x20002be0        -       0x00000800   Zero   RW         1384    .bss                main.o
    0x200033e0        -       0x00002068   Zero   RW         1412    .bss                agvcp.o
    0x20005448        -       0x00000258   Zero   RW         1488    .bss                root.o
    0x200056a0        -       0x00001bcc   Zero   RW         1592    .bss                agv.o
    0x2000726c        -       0x00000800   Zero   RW         1889    .bss                motion_ctrl.o
    0x20007a6c        -       0x00000854   Zero   RW         1930    .bss                can_dispatcher.o
    0x200082c0        -       0x00000a1c   Zero   RW         1960    .bss                bsp_can.o
    0x20008cdc        -       0x00000014   Zero   RW         1990    .bss                navigation.o
    0x20008cf0        -       0x00000010   Zero   RW         2022    .bss                motors.o
    0x20008d00        -       0x00000018   Zero   RW         2064    .bss                encoder.o
    0x20008d18        -       0x00000414   Zero   RW         2091    .bss                bms.o
    0x2000912c        -       0x00000c20   Zero   RW         2115    .bss                test.o
    0x20009d4c        -       0x00001850   Zero   RW         2153    .bss                console.o
    0x2000b59c        -       0x00000124   Zero   RW         2209    .bss                fuzzyhuo.o
    0x2000b6c0        -       0x00000c00   Zero   RW         2339    .bss                algorithm.o
    0x2000c2c0        -       0x00000858   Zero   RW         2370    .bss                bsp_uart.o
    0x2000cb18        -       0x00000140   Zero   RW         2450    .bss                bsp_pwm.o
    0x2000cc58        -       0x000000cc   Zero   RW         2508    .bss                bsp_sdio_sd.o
    0x2000cd24        -       0x00000030   Zero   RW         2599    .bss                ff.o
    0x2000cd54        -       0x00003000   Zero   RW         2674    .bss                wifi.o
    0x2000fd54        -       0x00001240   Zero   RW         3292    .bss                log_print.o
    0x20010f94   COMPRESSED   0x00000004   PAD
    0x20010f98        -       0x00000800   Zero   RW          135    HEAP                startup_stm32f40_41xxx.o
    0x20011798        -       0x00000400   Zero   RW          134    STACK               startup_stm32f40_41xxx.o
    0x20011b98   COMPRESSED   0x0000e458   PAD
    0x2001fff0        -       0x00000004   Zero   RW         2449    .ARM.__AT_0x2001FFF0  bsp_pwm.o


==============================================================================

Image component sizes


      Code (inc. data)   RO Data    RW Data    ZI Data      Debug   Object Name

      3288       1116          0         72       7116       8078   agv.o
      4692       1126         69         16       8296      39542   agvcp.o
       852         86          0         56       3072       4164   algorithm.o
       192         20          0         12          0       1317   angle.o
       816        212          0         16       1044       3437   bms.o
       244         16          0          0          0      28404   bsp.o
      1064         56          0          0       2588       3809   bsp_can.o
       752         36          0          8          0       4441   bsp_encoder.o
       272         18         36         72          0       2287   bsp_io.o
        88          6          0          0          0        897   bsp_led.o
      2500        172          0          4        324       7065   bsp_pwm.o
      7384        262          0         24        204      26566   bsp_sdio_sd.o
       504         32          0         20          0       2553   bsp_timer.o
      1070         40          0          0       2136       5610   bsp_uart.o
       580        174          0         20       2132       4346   can_dispatcher.o
       928        132        144        244          0       5324   configuration.o
      1132        272          0         16       6224       7681   console.o
        52          0          0          0          0        356   cpu_a.o
         0          0          0          0          0       9512   cpu_c.o
      1084         42        256         28         16      16769   cpu_core.o
         0          0         20         32          0       1064   databank.o
       376          4          0          0          0      11418   diskio.o
       268         26          0          0         24       2595   encoder.o
     13884        148         58          6         48      41541   ff.o
      1976        112        812         16        292       4436   fuzzyhuo.o
       598          0          0          0          0       3992   lib_ascii.o
       514          0          0          0          0       3748   lib_mem.o
       544          0          0          0          0        504   lib_mem_a.o
      2344          4        148          0          0      13982   lib_str.o
      1712        482          0         37       4672       7184   log_print.o
      3556        706        634        216          0      12518   lwshell.o
        76         20          0          0       2048       2947   main.o
      1544        156          0         40          0       5198   mctools.o
      3388         16          0          0          0      13057   minini.o
       224         20          0          0          0       2021   misc.o
      2348        568          0         84       2048       6087   motion_ctrl.o
      1176         86          0         12          0       2051   motionestimate.o
      1592        302          0          8         16       6460   motors.o
       928        172          0         28         20       3136   navigation.o
      3348        292        256        100       9096      20672   os_core.o
       192         36          0          0          0        428   os_cpu_a.o
       364         30          0          6        512      12715   os_cpu_c.o
       348        230        116          0          0       3702   os_dbg.o
      2076         42          0          0          0      16136   os_flag.o
       484         16          0          0          0       3424   os_mem.o
      1608         52          0          0          0       4878   os_mutex.o
      1536         36          0          0          0       5925   os_q.o
       932         22          0          0          0       4206   os_sem.o
      2148         72          0          0          0       8508   os_task.o
       432         30          0          0          0       1930   os_time.o
      1660        134          0          0          0       5881   os_tmr.o
      6868       1152          0         56          0       7585   ragvcontrol.o
       440        200          0          0          0        949   reversemotioncontrol.o
       768        376          0         96        600       8727   root.o
      1560        118          0         40          0       5855   rotating.o
      1356          4          0          0          0       4612   rsi_common.o
       732         12          0          4          0      39082   rsi_common_apis.o
       896         10          0          2          0       3267   rsi_device_init.o
       172          6          0          0          0       1221   rsi_device_init_apis.o
        14          0          0          0          0        572   rsi_driver.o
       480         10         16          0          0       2608   rsi_driver_event_handlers.o
       308         38          0          0          0       1998   rsi_events.o
       180         14          0         12          0       2318   rsi_hal_mcu_interrupt.o
       260          4          0         48          0       2847   rsi_hal_mcu_ioports.o
       344        100          0          0          0       2095   rsi_hal_mcu_spi.o
       114          0          0          0          0       1378   rsi_hal_mcu_timer.o
        36          6          0          4          0       1099   rsi_intf_lock.o
      1330         80        447          0          0       6950   rsi_json_handlers.o
      1004         52          0          0          0      50896   rsi_nwk.o
       464        112          0          0          0       4023   rsi_os_wrapper.o
       244         24          0          0          0       2384   rsi_pkt_mgmt.o
       230          0          0          0          0       2207   rsi_queue.o
       164         28          0          0          0       1549   rsi_scheduler.o
       552         34          0          0          0       1627   rsi_setregion_countryinfo.o
      5952        134          0          4          0      19584   rsi_socket.o
       532          4          0          0          0       3890   rsi_spi_frame_rd_wr.o
       436         46          0          0          0       3059   rsi_spi_functs.o
       136          4          0         12          0       1325   rsi_spi_iface_init.o
       244          6          0          0          0       2052   rsi_spi_mem_rd_wr.o
       164          6          0          0          0       1720   rsi_spi_reg_rd_wr.o
        84          4          0          4          0       2456   rsi_timer.o
      1288         16          0          0          0       5309   rsi_utils.o
      5864        168          0          0          0       9636   rsi_wlan.o
      6820        192          0          8          0      21362   rsi_wlan_apis.o
       272         36          0          0          0       2285   sliding_filter.o
        36          8        392          0       3072        888   startup_stm32f40_41xxx.o
      2544         38          0          0          0       8348   stm32f4xx_can.o
       396          4          0          0          0       3682   stm32f4xx_dcmi.o
       936         32          0          0          0       6597   stm32f4xx_dma.o
       272         10          0          0          0       2491   stm32f4xx_exti.o
       660         44          0          0          0       4361   stm32f4xx_gpio.o
        36          0          0          0          0       1791   stm32f4xx_it.o
      1628         52          0         16          0      13308   stm32f4xx_rcc.o
       476         16          0          0          0       7624   stm32f4xx_sdio.o
      1152         36          0          0          0       7113   stm32f4xx_spi.o
       148         12          0          0          0       1929   stm32f4xx_syscfg.o
      3234         60          0          0          0      23220   stm32f4xx_tim.o
      1108         34          0          0          0       8088   stm32f4xx_usart.o
       232         56          0          0          0       2253   syscall.o
       528         46          0         20          0     335415   system_stm32f4xx.o
      1548        508         76         16       3104      10268   test.o
       616         16          0          0          0       3989   tools.o
      1748        132          0         24          0       3080   tracingzq.o
      2556         54          0          0          0       3129   tshapevplan.o
       180         18     175304          0          0       1949   unicode.o
       412         10          0          0          0       1650   vplan.o
      1328        556          0         24      12288       3959   wifi.o

    ----------------------------------------------------------------------
    141764      12370     178822       1592     129452    1098161   Object Totals
         0          0         32          0          0          0   (incl. Generated)
        12          0          6          9      58460          0   (incl. Padding)

    ----------------------------------------------------------------------

      Code (inc. data)   RO Data    RW Data    ZI Data      Debug   Library Member Name

       112         20          0          0          0        264   atof.o
       216         20          0          0          0        288   cos.o
       368         46         48          0          0        200   cos_i.o
        84         16          0          0          0        372   dunder.o
        44          0          0          0          0        248   fabs.o
        48          0          0          0          0        124   fpclassify.o
       248          0          0          0          0        152   poly.o
      1080        142        200          0          0        188   rred.o
       216         20          0          0          0        288   sin.o
       304         24         40          0          0        208   sin_i.o
       122          0          0          0          0        148   sqrt.o
        86          0          0          0          0          0   __dczerorl2.o
        28          0          0          0          0         68   _chval.o
        64          0          0          0          0         84   _sgetc.o
       158          0          0          0          0         92   _strtoul.o
        26          0          0          0          0         80   atoi.o
         8          4        133          0          0         68   ctype_o.o
         0          0          0          0          0          0   entry.o
         0          0          0          0          0          0   entry10a.o
         0          0          0          0          0          0   entry11a.o
         8          4          0          0          0          0   entry2.o
         4          0          0          0          0          0   entry5.o
         0          0          0          0          0          0   entry7b.o
         0          0          0          0          0          0   entry8b.o
         8          4          0          0          0          0   entry9a.o
        32         16          0          4          0        204   errno.o
        30          0          0          0          0          0   handlers.o
        36          8          0          0          0         68   init.o
        18          0          0          0          0         76   isprint_o.o
        18          0          0          0          0         76   isspace_o.o
         0          0          0          0          0          0   iusefp.o
        30          0          0          0          0         68   llshl.o
        36          0          0          0          0         68   llsshr.o
        32          0          0          0          0         68   llushr.o
       188         20          0          0          0        160   malloc.o
        36          0          0          0          0         68   memcpya.o
        36          0          0          0          0        108   memseta.o
         0          0          0          8          0          0   mvars.o
      2344        102          0          0          0        684   printfa.o
       878         12          0          0          0        216   scanf_fp.o
         0          0          0          4          0          0   stdout.o
        20          0          0          0          0         68   strchr.o
        28          0          0          0          0         76   strcmp.o
        18          0          0          0          0         68   strcpy.o
        14          0          0          0          0         68   strlen.o
        24          0          0          0          0         76   strncpy.o
        36          0          0          0          0         80   strstr.o
       156         12          0          0          0        120   strtod.o
       112          0          0          0          0         88   strtol.o
       114          0          0          0          0         92   strtoul.o
        12          0          0          0          0         68   toupper.o
        44          0          0          0          0         80   uidiv.o
        98          0          0          0          0         92   uldiv.o
        48          0          0          0          0         68   cdcmple.o
        48          0          0          0          0         68   cdrcmple.o
        56          0          0          0          0         88   d2f.o
       334          0          0          0          0        148   dadd.o
       222          0          0          0          0        100   ddiv.o
       186          0          0          0          0        176   depilogue.o
        62          0          0          0          0         80   dfixi.o
        50          0          0          0          0         76   dfixui.o
        48          0          0          0          0         68   dfixul.o
        34          0          0          0          0         76   dflti.o
        26          0          0          0          0         76   dfltui.o
        24          0          0          0          0         76   dfltul.o
       228          0          0          0          0         96   dmul.o
       162          0          0          0          0        100   dsqrt.o
        38          0          0          0          0         68   f2d.o
       110          0          0          0          0        168   fepilogue.o

    ----------------------------------------------------------------------
      9328        470        422         16          0       7244   Library Totals
        30          0          1          0          0          0   (incl. Padding)

    ----------------------------------------------------------------------

      Code (inc. data)   RO Data    RW Data    ZI Data      Debug   Library Name

      2842        288        288          0          0       2480   m_wm.l
      4780        182        133         16          0       3232   mc_w.l
      1676          0          0          0          0       1532   mf_w.l

    ----------------------------------------------------------------------
      9328        470        422         16          0       7244   Library Totals

    ----------------------------------------------------------------------

==============================================================================


      Code (inc. data)   RO Data    RW Data    ZI Data      Debug   

    151092      12840     179244       1608     129452    1082085   Grand Totals
    151092      12840     179244        464     129452    1082085   ELF Image Totals (compressed)
    151092      12840     179244        464          0          0   ROM Totals

==============================================================================

    Total RO  Size (Code + RO Data)               330336 ( 322.59kB)
    Total RW  Size (RW Data + ZI Data)            131060 ( 127.99kB)
    Total ROM Size (Code + RO Data + RW Data)     330800 ( 323.05kB)

==============================================================================

