<html>
<body>
<pre>
<h1>µVision Build Log</h1>
<h2>Tool Versions:</h2>
IDE-Version: ¦ÌVision V5.24.2.0
Copyright (C) 2017 ARM Ltd and ARM Germany GmbH. All rights reserved.
License Information: a Xiangyu Liu, a, LIC=R4HTG-VH4ZA-C1FPU-SYVA7-9YMSJ-X8V60
 
Tool Versions:
Toolchain:       MDK-ARM Professional  Version: 5.24.1
Toolchain Path:  C:\Keil_v5\ARM\ARMCC\Bin
C Compiler:      Armcc.exe V5.06 update 5 (build 528)
Assembler:       Armasm.exe V5.06 update 5 (build 528)
Linker/Locator:  ArmLink.exe V5.06 update 5 (build 528)
Library Manager: ArmAr.exe V5.06 update 5 (build 528)
Hex Converter:   FromElf.exe V5.06 update 5 (build 528)
CPU DLL:         SARMCM3.DLL V5.24.1
Dialog DLL:      DCM.DLL V1.16.0.0
Target DLL:      STLink\ST-LINKIII-KEIL_SWO.dll V3.0.1.0
Dialog DLL:      TCM.DLL V1.32.0.0
 
<h2>Project:</h2>
C:\Users\Xiangyu Liu\Documents\JDX\program\sAGV_Firmware\project\prj\TURN_STM32F4_V001-A.uvprojx
Project File Date:  10/20/2017

<h2>Output:</h2>
*** Using Compiler 'V5.06 update 5 (build 528)', folder: 'C:\Keil_v5\ARM\ARMCC\Bin'
Build target 'Target 1'
compiling algorithm.c...
..\..\usr\application\algorithm.c(73): warning:  #550-D: variable "err"  was set but never used
  	uint8_t err;
..\..\usr\application\algorithm.c(35): warning:  #550-D: variable "can_user"  was set but never used
  static int can_user;
..\..\usr\application\algorithm.c(267): warning:  #177-D: function "encoder_tmr_callback"  was declared but never referenced
  static void encoder_tmr_callback(void *tmr, void*data)
..\..\usr\application\algorithm.c: 3 warnings, 0 errors
linking...
Program Size: Code=151092 RO-data=179244 RW-data=1608 ZI-data=129452  
FromELF: creating hex file...
"..\output\TURN_STM32F4_V001-A.axf" - 0 Error(s), 3 Warning(s).

<h2>Software Packages used:</h2>

Package Vendor: Keil
                http://www.keil.com/pack/Keil.STM32F4xx_DFP.2.11.0.pack
                Keil.STM32F4xx_DFP.2.11.0
                STMicroelectronics STM32F4 Series Device Support, Drivers and Examples

<h2>Collection of Component include folders:</h2>
  .\RTE\_Target_1
  C:\Keil_v5\ARM\PACK\Keil\STM32F4xx_DFP\2.11.0\Drivers\CMSIS\Device\ST\STM32F4xx\Include

<h2>Collection of Component Files used:</h2>
Build Time Elapsed:  00:00:03
</pre>
</body>
</html>
